<VAR,variable> Literal: null, Line: 5
<IDENTIFIER,b> Literal: null, Line: 5
<TYPE_DEF,has_type> Literal: null, Line: 5
<BOOL_TYPE,Bool> Literal: null, Line: 5
<ASSIGN,is> Literal: null, Line: 5
<TRUE,true> Literal: null, Line: 5
<SEMICOLON,;> Literal: null, Line: 5

<VAR,variable> Literal: null, Line: 6
<IDENTIFIER,number1> Literal: null, Line: 6
<TYPE_DEF,has_type> Literal: null, Line: 6
<NUMBER_TYPE,Number> Literal: null, Line: 6
<ASSIGN,is> Literal: null, Line: 6
<NUMBER,123> Literal: 123.0, Line: 6
<SEMICOLON,;> Literal: null, Line: 6

<VAR,variable> Literal: null, Line: 7
<IDENTIFIER,number2> Literal: null, Line: 7
<TYPE_DEF,has_type> Literal: null, Line: 7
<NUMBER_TYPE,Number> Literal: null, Line: 7
<ASSIGN,is> Literal: null, Line: 7
<MINUS,-> Literal: null, Line: 7
<NUMBER,123> Literal: 123.0, Line: 7
<SEMICOLON,;> Literal: null, Line: 7

<VAR,variable> Literal: null, Line: 8
<IDENTIFIER,numberFloat> Literal: null, Line: 8
<TYPE_DEF,has_type> Literal: null, Line: 8
<NUMBER_TYPE,Number> Literal: null, Line: 8
<ASSIGN,is> Literal: null, Line: 8
<NUMBER,12.3> Literal: 12.3, Line: 8
<SEMICOLON,;> Literal: null, Line: 8

<VAR,variable> Literal: null, Line: 9
<IDENTIFIER,someName> Literal: null, Line: 9
<TYPE_DEF,has_type> Literal: null, Line: 9
<STRING_TYPE,String> Literal: null, Line: 9
<ASSIGN,is> Literal: null, Line: 9
<STRING,"123 "> Literal: 123 , Line: 9
<SEMICOLON,;> Literal: null, Line: 9

<VAR,variable> Literal: null, Line: 10
<IDENTIFIER,_only_declared> Literal: null, Line: 10
<TYPE_DEF,has_type> Literal: null, Line: 10
<STRING_TYPE,String> Literal: null, Line: 10
<SEMICOLON,;> Literal: null, Line: 10

<PLUS,add> Literal: null, Line: 16
<LEFT_PAREN,(> Literal: null, Line: 16
<IDENTIFIER,number1> Literal: null, Line: 16
<IDENTIFIER,numberFloat> Literal: null, Line: 16
<RIGHT_PAREN,)> Literal: null, Line: 16
<SEMICOLON,;> Literal: null, Line: 16

<IDENTIFIER,number1> Literal: null, Line: 17
<EQUALS,EQUALS> Literal: null, Line: 17
<IDENTIFIER,number2> Literal: null, Line: 17
<SEMICOLON,;> Literal: null, Line: 17

<NOT,NOT> Literal: null, Line: 18
<TRUE,true> Literal: null, Line: 18
<SEMICOLON,;> Literal: null, Line: 18

<TRUE,true> Literal: null, Line: 19
<OR,OR> Literal: null, Line: 19
<FALSE,false> Literal: null, Line: 19
<SEMICOLON,;> Literal: null, Line: 19

<VAR,variable> Literal: null, Line: 20
<IDENTIFIER,min> Literal: null, Line: 20
<TYPE_DEF,has_type> Literal: null, Line: 20
<NUMBER_TYPE,Number> Literal: null, Line: 20
<ASSIGN,is> Literal: null, Line: 20
<NUMBER,0> Literal: 0.0, Line: 20
<SEMICOLON,;> Literal: null, Line: 20

<VAR,variable> Literal: null, Line: 21
<IDENTIFIER,max> Literal: null, Line: 21
<TYPE_DEF,has_type> Literal: null, Line: 21
<NUMBER_TYPE,Number> Literal: null, Line: 21
<SEMICOLON,;> Literal: null, Line: 21

<IDENTIFIER,max> Literal: null, Line: 22
<ASSIGN,is> Literal: null, Line: 22
<PLUS,add> Literal: null, Line: 22
<LEFT_PAREN,(> Literal: null, Line: 22
<IDENTIFIER,number1> Literal: null, Line: 22
<IDENTIFIER,number2> Literal: null, Line: 22
<RIGHT_PAREN,)> Literal: null, Line: 22
<SEMICOLON,;> Literal: null, Line: 22

<VAR,variable> Literal: null, Line: 23
<IDENTIFIER,average> Literal: null, Line: 23
<TYPE_DEF,has_type> Literal: null, Line: 23
<NUMBER_TYPE,Number> Literal: null, Line: 23
<ASSIGN,is> Literal: null, Line: 23
<DIV,divide> Literal: null, Line: 23
<LEFT_PAREN,(> Literal: null, Line: 23
<PLUS,add> Literal: null, Line: 23
<LEFT_PAREN,(> Literal: null, Line: 23
<IDENTIFIER,min> Literal: null, Line: 23
<IDENTIFIER,max> Literal: null, Line: 23
<RIGHT_PAREN,)> Literal: null, Line: 23
<NUMBER,2> Literal: 2.0, Line: 23
<RIGHT_PAREN,)> Literal: null, Line: 23
<SEMICOLON,;> Literal: null, Line: 23

<LEFT_BRACE,{> Literal: null, Line: 29
<PRINT,write_to_console> Literal: null, Line: 30
<STRING,"Hello earth !"> Literal: Hello earth !, Line: 30
<SEMICOLON,;> Literal: null, Line: 30

<PRINT,write_to_console> Literal: null, Line: 31
<STRING,"Hello, SDU! This is a computer program."> Literal: Hello, SDU! This is a computer program., Line: 31
<SEMICOLON,;> Literal: null, Line: 31

<RIGHT_BRACE,}> Literal: null, Line: 32
<IF,if> Literal: null, Line: 34
<LEFT_PAREN,(> Literal: null, Line: 34
<IDENTIFIER,number1> Literal: null, Line: 34
<EQUALS,EQUALS> Literal: null, Line: 34
<IDENTIFIER,number2> Literal: null, Line: 34
<RIGHT_PAREN,)> Literal: null, Line: 34
<LEFT_BRACE,{> Literal: null, Line: 34
<PRINT,write_to_console> Literal: null, Line: 35
<STRING,"yes"> Literal: yes, Line: 35
<SEMICOLON,;> Literal: null, Line: 35

<RIGHT_BRACE,}> Literal: null, Line: 36
<ELSE,else> Literal: null, Line: 36
<LEFT_BRACE,{> Literal: null, Line: 36
<PRINT,write_to_console> Literal: null, Line: 37
<STRING,"no"> Literal: no, Line: 37
<SEMICOLON,;> Literal: null, Line: 37

<RIGHT_BRACE,}> Literal: null, Line: 38
<LEFT_BRACE,{> Literal: null, Line: 40
<IF,if> Literal: null, Line: 41
<LEFT_PAREN,(> Literal: null, Line: 41
<IDENTIFIER,number1> Literal: null, Line: 41
<EQUALS,EQUALS> Literal: null, Line: 41
<IDENTIFIER,someName> Literal: null, Line: 41
<RIGHT_PAREN,)> Literal: null, Line: 41
<LEFT_BRACE,{> Literal: null, Line: 41
<PRINT,write_to_console> Literal: null, Line: 42
<IDENTIFIER,number1> Literal: null, Line: 42
<SEMICOLON,;> Literal: null, Line: 42

<RIGHT_BRACE,}> Literal: null, Line: 43
<ELSE,else> Literal: null, Line: 43
<LEFT_BRACE,{> Literal: null, Line: 43
<PRINT,write_to_console> Literal: null, Line: 44
<STRING,"nej"> Literal: nej, Line: 44
<SEMICOLON,;> Literal: null, Line: 44

<RIGHT_BRACE,}> Literal: null, Line: 45
<VAR,variable> Literal: null, Line: 47
<IDENTIFIER,a> Literal: null, Line: 47
<TYPE_DEF,has_type> Literal: null, Line: 47
<NUMBER_TYPE,Number> Literal: null, Line: 47
<ASSIGN,is> Literal: null, Line: 47
<NUMBER,1> Literal: 1.0, Line: 47
<SEMICOLON,;> Literal: null, Line: 47

<WHILE,loop_while> Literal: null, Line: 48
<LEFT_PAREN,(> Literal: null, Line: 48
<IDENTIFIER,a> Literal: null, Line: 48
<LESS,LESS> Literal: null, Line: 48
<NUMBER,10> Literal: 10.0, Line: 48
<RIGHT_PAREN,)> Literal: null, Line: 48
<LEFT_BRACE,{> Literal: null, Line: 48
<PRINT,write_to_console> Literal: null, Line: 49
<IDENTIFIER,a> Literal: null, Line: 49
<SEMICOLON,;> Literal: null, Line: 49

<IDENTIFIER,a> Literal: null, Line: 50
<ASSIGN,is> Literal: null, Line: 50
<PLUS,add> Literal: null, Line: 50
<LEFT_PAREN,(> Literal: null, Line: 50
<IDENTIFIER,a> Literal: null, Line: 50
<NUMBER,1> Literal: 1.0, Line: 50
<RIGHT_PAREN,)> Literal: null, Line: 50
<SEMICOLON,;> Literal: null, Line: 50

<IDENTIFIER,a> Literal: null, Line: 51
<ASSIGN,is> Literal: null, Line: 51
<SUB,subtract> Literal: null, Line: 51
<LEFT_PAREN,(> Literal: null, Line: 51
<NUMBER,5> Literal: 5.0, Line: 51
<CAST,cast_to> Literal: null, Line: 51
<NUMBER_TYPE,Number> Literal: null, Line: 51
<STRING,"4"> Literal: 4, Line: 51
<RIGHT_PAREN,)> Literal: null, Line: 51
<SEMICOLON,;> Literal: null, Line: 51

<RIGHT_BRACE,}> Literal: null, Line: 52
<RIGHT_BRACE,}> Literal: null, Line: 53
<EOF,> Literal: null, Line: 54
